<?xml version="1.0" encoding="utf-8"?><testsuites><testsuite name="pytest" errors="0" failures="0" skipped="4" tests="40" time="295.893" timestamp="2024-08-27T16:33:20.282184+02:00" hostname="MacBook-Pro-37.local"><testcase classname="" name="tests.io.test_MinIOStorage" time="0.000"><skipped message="collection skipped">('/Users/dani/Documents/omni/omni-py/tests/io/test_MinIOStorage.py', 13, 'Skipped: for GHA, only works on linux (https://docs.github.com/en/actions/using-containerized-services/about-service-containers#about-service-containers)')</skipped></testcase><testcase classname="tests.benchmark.test_parse_benchmark" name="test_parse_benchmark" time="0.003" /><testcase classname="tests.cli.test_run_benchmark" name="test_default" time="0.005" /><testcase classname="tests.cli.test_run_benchmark" name="test_benchmark_not_found" time="0.003" /><testcase classname="tests.cli.test_run_benchmark" name="test_benchmark_format_incorrect" time="0.005" /><testcase classname="tests.cli.test_run_benchmark" name="test_local" time="0.164" /><testcase classname="tests.cli.test_run_benchmark" name="test_local_dry" time="0.032" /><testcase classname="tests.cli.test_run_benchmark" name="test_local_update_true" time="0.032" /><testcase classname="tests.cli.test_run_benchmark" name="test_local_update_false" time="0.008" /><testcase classname="tests.cli.test_run_benchmark" name="test_local_dry_update" time="0.031" /><testcase classname="tests.cli.test_run_module" name="test_default" time="0.004" /><testcase classname="tests.cli.test_run_module" name="test_multiple_behaviours_set" time="0.003" /><testcase classname="tests.cli.test_run_module" name="test_behaviour_example" time="0.003" /><testcase classname="tests.cli.test_run_module" name="test_behaviour_all" time="0.003" /><testcase classname="tests.cli.test_run_module" name="test_benchmark_not_found" time="0.003" /><testcase classname="tests.cli.test_run_module" name="test_benchmark_format_incorrect" time="0.005" /><testcase classname="tests.cli.test_run_module" name="test_module_not_found" time="0.006" /><testcase classname="tests.cli.test_run_module" name="test_behaviour_input" time="0.032" /><testcase classname="tests.cli.test_run_module" name="test_behaviour_input_dry" time="0.030" /><testcase classname="tests.cli.test_run_module" name="test_behaviour_input_update_true" time="0.032" /><testcase classname="tests.cli.test_run_module" name="test_behaviour_input_update_false" time="0.006" /><testcase classname="tests.cli.test_run_module" name="test_behaviour_input_update_dry" time="0.030" /><testcase classname="tests.cli.test_run_module" name="test_behaviour_input_missing_input_dir" time="0.017" /><testcase classname="tests.cli.test_run_module" name="test_behaviour_input_missing_input_files" time="0.017" /><testcase classname="tests.cli.test_run_module" name="test_behaviour_input_nested_module_dry" time="0.047" /><testcase classname="tests.io.test_RemoteStorage.TestRemoteStorage" name="test_init_fails_with_invalid_arg_auth_options" time="0.000" /><testcase classname="tests.io.test_RemoteStorage.TestRemoteStorage" name="test_init_success_with_empty_arg_auth_options" time="0.000" /><testcase classname="tests.io.test_RemoteStorage.TestRemoteStorage" name="test_init_success_with_valid_arg_benchmark" time="0.000" /><testcase classname="tests.io.test_RemoteStorage.TestRemoteStorage" name="test_set_version_success_with_valid_args" time="0.000" /><testcase classname="tests.io.test_utils" name="test_get_storage" time="0.000"><skipped type="pytest.skip" message="for GHA, skip tests on non Linux platforms">/Users/dani/Documents/omni/omni-py/tests/io/test_utils.py:16: for GHA, skip tests on non Linux platforms</skipped></testcase><testcase classname="tests.io.test_utils" name="test_md5" time="0.000" /><testcase classname="tests.io.test_utils" name="test_sizeof_fmt" time="0.000" /><testcase classname="tests.workflow.test_run_node_workflow" name="test_run_node_workflow_001" time="147.635" /><testcase classname="tests.workflow.test_run_node_workflow" name="test_run_node_workflow_002" time="0.000"><skipped type="pytest.skip" message="Benchmark_002 is not working properly yet">/Users/dani/Documents/omni/omni-py/tests/workflow/test_run_node_workflow.py:48: Benchmark_002 is not working properly yet</skipped></testcase><testcase classname="tests.workflow.test_run_workflow" name="test_run_workflow_001" time="145.166" /><testcase classname="tests.workflow.test_run_workflow" name="test_run_workflow_002" time="0.000"><skipped type="pytest.skip" message="Benchmark_002 is not working properly yet">/Users/dani/Documents/omni/omni-py/tests/workflow/test_run_workflow.py:22: Benchmark_002 is not working properly yet</skipped></testcase><testcase classname="tests.workflow.test_serialize_node_workflow" name="test_serialize_node_workflow_001" time="0.012" /><testcase classname="tests.workflow.test_serialize_node_workflow" name="test_serialize_node_workflow_002" time="0.005" /><testcase classname="tests.workflow.test_serialize_workflow" name="test_serialize_workflow_001" time="0.012" /><testcase classname="tests.workflow.test_serialize_workflow" name="test_serialize_workflow_002" time="0.005" /></testsuite></testsuites>